
> shotspot-frontend@0.1.0 test
> vitest --run


[1m[46m RUN [49m[22m [36mv4.0.9 [39m[90mE:/code/ShotSpot/frontend[39m

 [31mÔØ»[39m src/test/AchievementNotification.test.tsx [2m([22m[2m8 tests[22m[2m | [22m[31m7 failed[39m[2m)[22m[32m 88[2mms[22m[39m
       [32mÔ£ô[39m should not render when achievement is null[32m 23[2mms[22m[39m
[31m       [31m├ù[31m should render achievement name and description[39m[32m 11[2mms[22m[39m
[31m       [31m├ù[31m should display badge icon[39m[32m 5[2mms[22m[39m
[31m       [31m├ù[31m should display points value[39m[32m 3[2mms[22m[39m
[31m       [31m├ù[31m should display category[39m[32m 4[2mms[22m[39m
[31m       [31m├ù[31m should handle achievement without game_id[39m[32m 21[2mms[22m[39m
[31m       [31m├ù[31m should handle achievement without earned_at[39m[32m 13[2mms[22m[39m
[31m       [31m├ù[31m should handle different categories[39m[32m 3[2mms[22m[39m
node.exe : [90mstderr[2m | src/test/TimeoutManagement.test.tsx[2m > [22m[2mTimeoutManagement[2m > [22m[2mrenders timeout management interface correctly
At line:1 char:1
+ & "C:\Program Files\nodejs/node.exe" "C:\Program Files\nodejs/node_mo ...
+ ~~~~~~~~~~~~~~~~~~~~~~~~~~~~~~~~~~~~~~~~~~~~~~~~~~~~~~~~~~~~~~~~~~~~~
    + CategoryInfo          : NotSpecified: ([90mstderr[2m...rface correctly:String) [], RemoteException
    + FullyQualifiedErrorId : NativeCommandError
 
[22m[39mAn update to TimeoutManagement inside a test was not wrapped in act(...).

When testing, code that causes React state updates should be wrapped into act(...):

act(() => {
  /* fire events that update state */
});
/* assert on the output */

This ensures that you're testing the behavior the user would see in the browser. Learn more at https://react.dev/link/wrap-tests-with-act
An update to TimeoutManagement inside a test was not wrapped in act(...).

When testing, code that causes React state updates should be wrapped into act(...):

act(() => {
  /* fire events that update state */
});
/* assert on the output */

This ensures that you're testing the behavior the user would see in the browser. Learn more at https://react.dev/link/wrap-tests-with-act

[90mstderr[2m | src/test/MatchCommentary.test.tsx[2m > [22m[2mMatchCommentary[2m > [22m[2mrenders match commentary interface correctly
[22m[39mAn update to MatchCommentary inside a test was not wrapped in act(...).

When testing, code that causes React state updates should be wrapped into act(...):

act(() => {
  /* fire events that update state */
});
/* assert on the output */

This ensures that you're testing the behavior the user would see in the browser. Learn more at https://react.dev/link/wrap-tests-with-act
An update to MatchCommentary inside a test was not wrapped in act(...).

When testing, code that causes React state updates should be wrapped into act(...):

act(() => {
  /* fire events that update state */
});
/* assert on the output */

This ensures that you're testing the behavior the user would see in the browser. Learn more at https://react.dev/link/wrap-tests-with-act

[90mstderr[2m | src/test/FaultManagement.test.tsx[2m > [22m[2mFaultManagement[2m > [22m[2mrenders fault management interface correctly
[22m[39mAn update to FaultManagement inside a test was not wrapped in act(...).

When testing, code that causes React state updates should be wrapped into act(...):

act(() => {
  /* fire events that update state */
});
/* assert on the output */

This ensures that you're testing the behavior the user would see in the browser. Learn more at https://react.dev/link/wrap-tests-with-act
An update to FaultManagement inside a test was not wrapped in act(...).

When testing, code that causes React state updates should be wrapped into act(...):

act(() => {
  /* fire events that update state */
});
/* assert on the output */

This ensures that you're testing the behavior the user would see in the browser. Learn more at https://react.dev/link/wrap-tests-with-act

[90mstderr[2m | src/test/SubstitutionPanel.test.tsx[2m > [22m[2mSubstitutionPanel[2m > [22m[2mrenders the substitution panel with correct header
[22m[39mAn update to SubstitutionPanel inside a test was not wrapped in act(...).

When testing, code that causes React state updates should be wrapped into act(...):

act(() => {
  /* fire events that update state */
});
/* assert on the output */

This ensures that you're testing the behavior the user would see in the browser. Learn more at https://react.dev/link/wrap-tests-with-act
An update to SubstitutionPanel inside a test was not wrapped in act(...).

When testing, code that causes React state updates should be wrapped into act(...):

act(() => {
  /* fire events that update state */
});
/* assert on the output */

This ensures that you're testing the behavior the user would see in the browser. Learn more at https://react.dev/link/wrap-tests-with-act

[90mstderr[2m | src/test/FreeShotPanel.test.tsx[2m > [22m[2mFreeShotPanel[2m > [22m[2mrenders free shot panel interface correctly
[22m[39mAn update to FreeShotPanel inside a test was not wrapped in act(...).

When testing, code that causes React state updates should be wrapped into act(...):

act(() => {
  /* fire events that update state */
});
/* assert on the output */

This ensures that you're testing the behavior the user would see in the browser. Learn more at https://react.dev/link/wrap-tests-with-act
An update to FreeShotPanel inside a test was not wrapped in act(...).

When testing, code that causes React state updates should be wrapped into act(...):

act(() => {
  /* fire events that update state */
});
/* assert on the output */

This ensures that you're testing the behavior the user would see in the browser. Learn more at https://react.dev/link/wrap-tests-with-act

[90mstderr[2m | src/test/PlayerManagement.test.tsx[2m > [22m[2mPlayerManagement[2m > [22m[2mrenders the player management interface
[22m[39mAn update to PlayerManagement inside a test was not wrapped in act(...).

When testing, code that causes React state updates should be wrapped into act(...):

act(() => {
  /* fire events that update state */
});
/* assert on the output */

This ensures that you're testing the behavior the user would see in the browser. Learn more at https://react.dev/link/wrap-tests-with-act
An update to PlayerManagement inside a test was not wrapped in act(...).

When testing, code that causes React state updates should be wrapped into act(...):

act(() => {
  /* fire events that update state */
});
/* assert on the output */

This ensures that you're testing the behavior the user would see in the browser. Learn more at https://react.dev/link/wrap-tests-with-act

[90mstderr[2m | src/test/UserManagement.test.tsx[2m > [22m[2mUserManagement Component[2m > [22m[2mAccess Control[2m > [22m[2mdenies access for non-admin users
[22m[39mAn update to UserManagement inside a test was not wrapped in act(...).

When testing, code that causes React state updates should be wrapped into act(...):

act(() => {
  /* fire events that update state */
});
/* assert on the output */

This ensures that you're testing the behavior the user would see in the browser. Learn more at https://react.dev/link/wrap-tests-with-act

[90mstderr[2m | src/test/UserManagement.test.tsx[2m > [22m[2mUserManagement Component[2m > [22m[2mAccess Control[2m > [22m[2mdenies access for regular users
[22m[39mAn update to UserManagement inside a test was not wrapped in act(...).

When testing, code that causes React state updates should be wrapped into act(...):

act(() => {
  /* fire events that update state */
});
/* assert on the output */

This ensures that you're testing the behavior the user would see in the browser. Learn more at https://react.dev/link/wrap-tests-with-act

[90mstderr[2m | src/test/UserManagement.test.tsx[2m > [22m[2mUserManagement Component[2m > [22m[2mAccess Control[2m > [22m[2mdenies access when user is null
[22m[39mAn update to UserManagement inside a test was not wrapped in act(...).

When testing, code that causes React state updates should be wrapped into act(...):

act(() => {
  /* fire events that update state */
});
/* assert on the output */

This ensures that you're testing the behavior the user would see in the browser. Learn more at https://react.dev/link/wrap-tests-with-act

 [32mÔ£ô[39m src/test/Register.test.tsx [2m([22m[2m26 tests[22m[2m)[22m[33m 1589[2mms[22m[39m
       [33m[2mÔ£ô[22m[39m renders all form fields correctly [33m 376[2mms[22m[39m
[90mstderr[2m | src/test/TimeoutManagement.test.tsx[2m > [22m[2mTimeoutManagement[2m > [22m[2mvalidates team selection for team timeouts
[22m[39mAn update to TimeoutManagement inside a test was not wrapped in act(...).

When testing, code that causes React state updates should be wrapped into act(...):

act(() => {
  /* fire events that update state */
});
/* assert on the output */

This ensures that you're testing the behavior the user would see in the browser. Learn more at https://react.dev/link/wrap-tests-with-act
An update to TimeoutManagement inside a test was not wrapped in act(...).

When testing, code that causes React state updates should be wrapped into act(...):

act(() => {
  /* fire events that update state */
});
/* assert on the output */

This ensures that you're testing the behavior the user would see in the browser. Learn more at https://react.dev/link/wrap-tests-with-act

[90mstderr[2m | src/test/TimeoutManagement.test.tsx[2m > [22m[2mTimeoutManagement[2m > [22m[2mdisables start button when team is not selected for team timeout
[22m[39mAn update to TimeoutManagement inside a test was not wrapped in act(...).

When testing, code that causes React state updates should be wrapped into act(...):

act(() => {
  /* fire events that update state */
});
/* assert on the output */

This ensures that you're testing the behavior the user would see in the browser. Learn more at https://react.dev/link/wrap-tests-with-act
An update to TimeoutManagement inside a test was not wrapped in act(...).

When testing, code that causes React state updates should be wrapped into act(...):

act(() => {
  /* fire events that update state */
});
/* assert on the output */

This ensures that you're testing the behavior the user would see in the browser. Learn more at https://react.dev/link/wrap-tests-with-act

[90mstderr[2m | src/test/SubstitutionPanel.test.tsx[2m > [22m[2mSubstitutionPanel[2m > [22m[2mshows error when server returns error
[22m[39mSubstitution error: { response: { data: { error: [32m'Player is already on the court'[39m } } }

[90mstderr[2m | src/test/PlayerManagement.test.tsx[2m > [22m[2mPlayerManagement[2m > [22m[2mdisplays error when player creation fails
[22m[39mError adding player: { error: [32m'Jersey number already taken'[39m }

[90mstderr[2m | src/test/FreeShotPanel.test.tsx[2m > [22m[2mFreeShotPanel[2m > [22m[2mvalidates required fields before submission
[22m[39mAn update to FreeShotPanel inside a test was not wrapped in act(...).

When testing, code that causes React state updates should be wrapped into act(...):

act(() => {
  /* fire events that update state */
});
/* assert on the output */

This ensures that you're testing the behavior the user would see in the browser. Learn more at https://react.dev/link/wrap-tests-with-act
An update to FreeShotPanel inside a test was not wrapped in act(...).

When testing, code that causes React state updates should be wrapped into act(...):

act(() => {
  /* fire events that update state */
});
/* assert on the output */

This ensures that you're testing the behavior the user would see in the browser. Learn more at https://react.dev/link/wrap-tests-with-act

[90mstderr[2m | src/test/FreeShotPanel.test.tsx[2m > [22m[2mFreeShotPanel[2m > [22m[2mdisables submit button when required fields are missing
[22m[39mAn update to FreeShotPanel inside a test was not wrapped in act(...).

When testing, code that causes React state updates should be wrapped into act(...):

act(() => {
  /* fire events that update state */
});
/* assert on the output */

This ensures that you're testing the behavior the user would see in the browser. Learn more at https://react.dev/link/wrap-tests-with-act
An update to FreeShotPanel inside a test was not wrapped in act(...).

When testing, code that causes React state updates should be wrapped into act(...):

act(() => {
  /* fire events that update state */
});
/* assert on the output */

This ensures that you're testing the behavior the user would see in the browser. Learn more at https://react.dev/link/wrap-tests-with-act

[90mstderr[2m | src/test/FaultManagement.test.tsx[2m > [22m[2mFaultManagement[2m > [22m[2mupdates time remaining when prop changes
[22m[39mAn update to FaultManagement inside a test was not wrapped in act(...).

When testing, code that causes React state updates should be wrapped into act(...):

act(() => {
  /* fire events that update state */
});
/* assert on the output */

This ensures that you're testing the behavior the user would see in the browser. Learn more at https://react.dev/link/wrap-tests-with-act
An update to FaultManagement inside a test was not wrapped in act(...).

When testing, code that causes React state updates should be wrapped into act(...):

act(() => {
  /* fire events that update state */
});
/* assert on the output */

This ensures that you're testing the behavior the user would see in the browser. Learn more at https://react.dev/link/wrap-tests-with-act

 [32mÔ£ô[39m src/test/CourtInteractionFeatures.test.tsx [2m([22m[2m14 tests[22m[2m)[22m[33m 1163[2mms[22m[39m
       [33m[2mÔ£ô[22m[39m should switch player grid when changing teams [33m 330[2mms[22m[39m
[90mstderr[2m | src/test/GameManagement.test.tsx[2m > [22m[2mGameManagement[2m > [22m[2mhandles API error when creating game
[22m[39mError creating game: {
  response: {
    data: {
      error: [32m'Team conflict: both teams already have a game scheduled'[39m
    }
  }
}

 [32mÔ£ô[39m src/test/FaultManagement.test.tsx [2m([22m[2m16 tests[22m[2m)[22m[33m 3426[2mms[22m[39m
     [33m[2mÔ£ô[22m[39m loads and displays team players correctly [33m 338[2mms[22m[39m
     [33m[2mÔ£ô[22m[39m records offensive fault successfully [33m 787[2mms[22m[39m
     [33m[2mÔ£ô[22m[39m records defensive fault successfully [33m 384[2mms[22m[39m
     [33m[2mÔ£ô[22m[39m clears form after successful submission [33m 407[2mms[22m[39m
[90mstderr[2m | src/test/EnhancedMatchEvents.integration.test.tsx[2m > [22m[2mEnhanced Match Events Integration[2m > [22m[2mReal-time Updates[2m > [22m[2mupdate
s all components when time changes
[22m[39mAn update to FaultManagement inside a test was not wrapped in act(...).

When testing, code that causes React state updates should be wrapped into act(...):

act(() => {
  /* fire events that update state */
});
/* assert on the output */

This ensures that you're testing the behavior the user would see in the browser. Learn more at https://react.dev/link/wrap-tests-with-act
An update to FreeShotPanel inside a test was not wrapped in act(...).

When testing, code that causes React state updates should be wrapped into act(...):

act(() => {
  /* fire events that update state */
});
/* assert on the output */

This ensures that you're testing the behavior the user would see in the browser. Learn more at https://react.dev/link/wrap-tests-with-act
An update to TimeoutManagement inside a test was not wrapped in act(...).

When testing, code that causes React state updates should be wrapped into act(...):

act(() => {
  /* fire events that update state */
});
/* assert on the output */

This ensures that you're testing the behavior the user would see in the browser. Learn more at https://react.dev/link/wrap-tests-with-act
An update to TimeoutManagement inside a test was not wrapped in act(...).

When testing, code that causes React state updates should be wrapped into act(...):

act(() => {
  /* fire events that update state */
});
/* assert on the output */

This ensures that you're testing the behavior the user would see in the browser. Learn more at https://react.dev/link/wrap-tests-with-act
An update to MatchCommentary inside a test was not wrapped in act(...).

When testing, code that causes React state updates should be wrapped into act(...):

act(() => {
  /* fire events that update state */
});
/* assert on the output */

This ensures that you're testing the behavior the user would see in the browser. Learn more at https://react.dev/link/wrap-tests-with-act
An update to MatchCommentary inside a test was not wrapped in act(...).

When testing, code that causes React state updates should be wrapped into act(...):

act(() => {
  /* fire events that update state */
});
/* assert on the output */

This ensures that you're testing the behavior the user would see in the browser. Learn more at https://react.dev/link/wrap-tests-with-act
An update to FaultManagement inside a test was not wrapped in act(...).

When testing, code that causes React state updates should be wrapped into act(...):

act(() => {
  /* fire events that update state */
});
/* assert on the output */

This ensures that you're testing the behavior the user would see in the browser. Learn more at https://react.dev/link/wrap-tests-with-act
An update to FreeShotPanel inside a test was not wrapped in act(...).

When testing, code that causes React state updates should be wrapped into act(...):

act(() => {
  /* fire events that update state */
});
/* assert on the output */

This ensures that you're testing the behavior the user would see in the browser. Learn more at https://react.dev/link/wrap-tests-with-act

[90mstderr[2m | src/test/FreeShotPanel.test.tsx[2m > [22m[2mFreeShotPanel[2m > [22m[2mupdates time remaining when prop changes
[22m[39mAn update to FreeShotPanel inside a test was not wrapped in act(...).

When testing, code that causes React state updates should be wrapped into act(...):

act(() => {
  /* fire events that update state */
});
/* assert on the output */

This ensures that you're testing the behavior the user would see in the browser. Learn more at https://react.dev/link/wrap-tests-with-act
An update to FreeShotPanel inside a test was not wrapped in act(...).

When testing, code that causes React state updates should be wrapped into act(...):

act(() => {
  /* fire events that update state */
});
/* assert on the output */

This ensures that you're testing the behavior the user would see in the browser. Learn more at https://react.dev/link/wrap-tests-with-act

 [32mÔ£ô[39m src/test/SubstitutionPanel.test.tsx [2m([22m[2m17 tests[22m[2m)[22m[33m 3499[2mms[22m[39m
     [33m[2mÔ£ô[22m[39m displays team selection buttons [33m 402[2mms[22m[39m
     [33m[2mÔ£ô[22m[39m switches between teams when team buttons are clicked [33m 323[2mms[22m[39m
     [33m[2mÔ£ô[22m[39m records a substitution when form is submitted [33m 629[2mms[22m[39m
     [33m[2mÔ£ô[22m[39m shows error when server returns error [33m 445[2mms[22m[39m
     [33m[2mÔ£ô[22m[39m resets form after successful substitution [33m 342[2mms[22m[39m
     [33m[2mÔ£ô[22m[39m enables submit button when both players are selected [33m 317[2mms[22m[39m
[90mstderr[2m | src/test/TimeoutManagement.test.tsx[2m > [22m[2mTimeoutManagement[2m > [22m[2mupdates time remaining when prop changes
[22m[39mAn update to TimeoutManagement inside a test was not wrapped in act(...).

When testing, code that causes React state updates should be wrapped into act(...):

act(() => {
  /* fire events that update state */
});
/* assert on the output */

This ensures that you're testing the behavior the user would see in the browser. Learn more at https://react.dev/link/wrap-tests-with-act
An update to TimeoutManagement inside a test was not wrapped in act(...).

When testing, code that causes React state updates should be wrapped into act(...):

act(() => {
  /* fire events that update state */
});
/* assert on the output */

This ensures that you're testing the behavior the user would see in the browser. Learn more at https://react.dev/link/wrap-tests-with-act

 [32mÔ£ô[39m src/test/FreeShotPanel.test.tsx [2m([22m[2m15 tests[22m[2m)[22m[33m 3705[2mms[22m[39m
     [33m[2mÔ£ô[22m[39m loads and displays team players correctly [33m 368[2mms[22m[39m
     [33m[2mÔ£ô[22m[39m records successful free shot [33m 969[2mms[22m[39m
     [33m[2mÔ£ô[22m[39m records missed free shot [33m 328[2mms[22m[39m
     [33m[2mÔ£ô[22m[39m records blocked free shot [33m 360[2mms[22m[39m
     [33m[2mÔ£ô[22m[39m clears form after successful submission [33m 434[2mms[22m[39m
 [32mÔ£ô[39m src/test/UserManagement.test.tsx [2m([22m[2m26 tests[22m[2m)[22m[33m 3773[2mms[22m[39m
       [33m[2mÔ£ô[22m[39m shows role dropdowns for each user [33m 494[2mms[22m[39m
 [32mÔ£ô[39m src/test/TimeoutManagement.test.tsx [2m([22m[2m17 tests[22m[2m)[22m[33m 3939[2mms[22m[39m
     [33m[2mÔ£ô[22m[39m records team timeout successfully [33m 1404[2mms[22m[39m
     [33m[2mÔ£ô[22m[39m records different timeout types correctly [33m 453[2mms[22m[39m
     [33m[2mÔ£ô[22m[39m clears form after successful submission [33m 586[2mms[22m[39m
     [33m[2mÔ£ô[22m[39m switches between timeout types correctly [33m 351[2mms[22m[39m
[90mstderr[2m | src/test/LiveMatch.test.tsx[2m > [22m[2mLiveMatch[2m > [22m[2mFocus Mode[2m > [22m[2mhandles F key press to toggle focus mode
[22m[39mAn update to LiveMatch inside a test was not wrapped in act(...).

When testing, code that causes React state updates should be wrapped into act(...):

act(() => {
  /* fire events that update state */
});
/* assert on the output */

This ensures that you're testing the behavior the user would see in the browser. Learn more at https://react.dev/link/wrap-tests-with-act

[90mstderr[2m | src/test/MatchCommentary.test.tsx[2m > [22m[2mMatchCommentary[2m > [22m[2mupdates time remaining when prop changes
[22m[39mAn update to MatchCommentary inside a test was not wrapped in act(...).

When testing, code that causes React state updates should be wrapped into act(...):

act(() => {
  /* fire events that update state */
});
/* assert on the output */

This ensures that you're testing the behavior the user would see in the browser. Learn more at https://react.dev/link/wrap-tests-with-act
An update to MatchCommentary inside a test was not wrapped in act(...).

When testing, code that causes React state updates should be wrapped into act(...):

act(() => {
  /* fire events that update state */
});
/* assert on the output */

This ensures that you're testing the behavior the user would see in the browser. Learn more at https://react.dev/link/wrap-tests-with-act

[90mstderr[2m | src/test/GameManagement.test.tsx[2m > [22m[2mGameManagement[2m > [22m[2mhandles API error when fetching games
[22m[39mError fetching games: { response: { data: { error: [32m'Database connection failed'[39m } } }
Error fetching games: { response: { data: { error: [32m'Database connection failed'[39m } } }

[90mstderr[2m | src/test/GameManagement.test.tsx[2m > [22m[2mGameManagement[2m > [22m[2mhandles API error when fetching teams
[22m[39mError fetching teams: { response: { data: { error: [32m'Failed to fetch teams'[39m } } }

[90mstderr[2m | src/test/PlayerManagement.test.tsx[2m > [22m[2mPlayerManagement[2m > [22m[2mupdates player when edit form is submitted
[22m[39mReceived NaN for the `value` attribute. If this is expected, cast the value to a string.

 [32mÔ£ô[39m src/test/LiveMatch.test.tsx [2m([22m[2m32 tests[22m[2m)[22m[33m 1533[2mms[22m[39m
[90mstdout[2m | src/test/useOfflineStatus.test.ts[2m > [22m[2museOfflineStatus Hook[2m > [22m[2mInitial State[2m > [22m[2mshould initialize with online status
[22m[39m[IndexedDB] Database initialized

[90mstdout[2m | src/test/useOfflineStatus.test.ts[2m > [22m[2museOfflineStatus Hook[2m > [22m[2mPending Actions Count[2m > [22m[2mshould update pending actions count
[22m[39m[IndexedDB] Action queued for sync: POST /api/shots

[90mstdout[2m | src/test/useOfflineStatus.test.ts[2m > [22m[2museOfflineStatus Hook[2m > [22m[2mPending Actions Count[2m > [22m[2mshould update pending actions count
[22m[39m[IndexedDB] Action queued for sync: PUT /api/teams/1

[90mstdout[2m | src/test/useOfflineStatus.test.ts[2m > [22m[2museOfflineStatus Hook[2m > [22m[2mPending Actions Count[2m > [22m[2mshould update count after syncing
[22m[39m[IndexedDB] Action queued for sync: POST /api/shots

 [32mÔ£ô[39m src/test/GameManagement.test.tsx [2m([22m[2m28 tests[22m[2m)[22m[33m 5742[2mms[22m[39m
     [33m[2mÔ£ô[22m[39m shows create game form when create button is clicked [33m 327[2mms[22m[39m
     [33m[2mÔ£ô[22m[39m creates a new game successfully [33m 735[2mms[22m[39m
     [33m[2mÔ£ô[22m[39m validates that home and away teams are different [33m 715[2mms[22m[39m
     [33m[2mÔ£ô[22m[39m validates required fields [33m 357[2mms[22m[39m
     [33m[2mÔ£ô[22m[39m handles API error when creating game [33m 640[2mms[22m[39m
     [33m[2mÔ£ô[22m[39m reschedules game to specific date [33m 500[2mms[22m[39m
     [33m[2mÔ£ô[22m[39m clears form after successful game creation [33m 656[2mms[22m[39m
[90mstderr[2m | src/test/TeamManagement.test.tsx[2m > [22m[2mTeamManagement[2m > [22m[2mrenders the team management interface
[22m[39mAn update to TeamManagement inside a test was not wrapped in act(...).

When testing, code that causes React state updates should be wrapped into act(...):

act(() => {
  /* fire events that update state */
});
/* assert on the output */

This ensures that you're testing the behavior the user would see in the browser. Learn more at https://react.dev/link/wrap-tests-with-act

[90mstdout[2m | src/test/useOfflineStatus.test.ts[2m > [22m[2museOfflineStatus Hook[2m > [22m[2mPending Actions Count[2m > [22m[2mshould update count after syncing
[22m[39m[OfflineSync] Processing 1 pending actions

[90mstdout[2m | src/test/useOfflineStatus.test.ts[2m > [22m[2museOfflineStatus Hook[2m > [22m[2mPending Actions Count[2m > [22m[2mshould update count after syncing
[22m[39m[OfflineSync] Synced action 3: POST /api/shots

[90mstdout[2m | src/test/useOfflineStatus.test.ts[2m > [22m[2museOfflineStatus Hook[2m > [22m[2mPending Actions Count[2m > [22m[2mshould update count after syncing
[22m[39m[OfflineSync] Sync complete: 1 successful, 0 failed out of 1 total

[90mstdout[2m | src/test/useOfflineStatus.test.ts[2m > [22m[2museOfflineStatus Hook[2m > [22m[2mManual Sync[2m > [22m[2mshould trigger sync when calling sync function
[22m[39m[IndexedDB] Action queued for sync: POST /api/shots

[90mstderr[2m | src/test/MatchTimeline.test.tsx[2m > [22m[2mMatchTimeline[2m > [22m[2mdisplays loading state initially
[22m[39mAn update to MatchTimeline inside a test was not wrapped in act(...).

When testing, code that causes React state updates should be wrapped into act(...):

act(() => {
  /* fire events that update state */
});
/* assert on the output */

This ensures that you're testing the behavior the user would see in the browser. Learn more at https://react.dev/link/wrap-tests-with-act
An update to MatchTimeline inside a test was not wrapped in act(...).

When testing, code that causes React state updates should be wrapped into act(...):

act(() => {
  /* fire events that update state */
});
/* assert on the output */

This ensures that you're testing the behavior the user would see in the browser. Learn more at https://react.dev/link/wrap-tests-with-act
An update to MatchTimeline inside a test was not wrapped in act(...).

When testing, code that causes React state updates should be wrapped into act(...):

act(() => {
  /* fire events that update state */
});
/* assert on the output */

This ensures that you're testing the behavior the user would see in the browser. Learn more at https://react.dev/link/wrap-tests-with-act

[90mstderr[2m | src/test/MatchTimeline.test.tsx[2m > [22m[2mMatchTimeline[2m > [22m[2mdisplays loading state initially
[22m[39mAn update to MatchTimeline inside a test was not wrapped in act(...).

When testing, code that causes React state updates should be wrapped into act(...):

act(() => {
  /* fire events that update state */
});
/* assert on the output */

This ensures that you're testing the behavior the user would see in the browser. Learn more at https://react.dev/link/wrap-tests-with-act

[90mstdout[2m | src/test/useOfflineStatus.test.ts[2m > [22m[2museOfflineStatus Hook[2m > [22m[2mManual Sync[2m > [22m[2mshould trigger sync when calling sync function
[22m[39m[OfflineSync] Processing 1 pending actions

[90mstdout[2m | src/test/useOfflineStatus.test.ts[2m > [22m[2museOfflineStatus Hook[2m > [22m[2mManual Sync[2m > [22m[2mshould trigger sync when calling sync function
[22m[39m[OfflineSync] Synced action 4: POST /api/shots

[90mstdout[2m | src/test/useOfflineStatus.test.ts[2m > [22m[2museOfflineStatus Hook[2m > [22m[2mManual Sync[2m > [22m[2mshould trigger sync when calling sync function
[22m[39m[OfflineSync] Sync complete: 1 successful, 0 failed out of 1 total

[90mstdout[2m | src/test/useOfflineStatus.test.ts[2m > [22m[2museOfflineStatus Hook[2m > [22m[2mManual Sync[2m > [22m[2mshould set isSyncing to true during sync
[22m[39m[IndexedDB] Action queued for sync: POST /api/shots

[90mstdout[2m | src/test/useOfflineStatus.test.ts[2m > [22m[2museOfflineStatus Hook[2m > [22m[2mManual Sync[2m > [22m[2mshould set isSyncing to true during sync
[22m[39m[OfflineSync] Processing 1 pending actions

 [32mÔ£ô[39m src/test/MatchCommentary.test.tsx [2m([22m[2m19 tests[22m[2m)[22m[33m 6078[2mms[22m[39m
     [33m[2mÔ£ô[22m[39m adds new commentary successfully [33m 1522[2mms[22m[39m
     [33m[2mÔ£ô[22m[39m adds different commentary types correctly [33m 903[2mms[22m[39m
     [33m[2mÔ£ô[22m[39m enables add button when all required fields are filled [33m 412[2mms[22m[39m
     [33m[2mÔ£ô[22m[39m handles API errors gracefully [33m 480[2mms[22m[39m
     [33m[2mÔ£ô[22m[39m clears form after successful submission [33m 869[2mms[22m[39m
     [33m[2mÔ£ô[22m[39m handles different commentary types in selection [33m 407[2mms[22m[39m
     [33m[2mÔ£ô[22m[39m handles missing onCommentaryAdded callback gracefully [33m 501[2mms[22m[39m
     [33m[2mÔ£ô[22m[39m handles character limit correctly [33m 301[2mms[22m[39m
[90mstdout[2m | src/test/useOfflineStatus.test.ts[2m > [22m[2museOfflineStatus Hook[2m > [22m[2mManual Sync[2m > [22m[2mshould set isSyncing to true during sync
[22m[39m[OfflineSync] Synced action 5: POST /api/shots

[90mstdout[2m | src/test/useOfflineStatus.test.ts[2m > [22m[2museOfflineStatus Hook[2m > [22m[2mManual Sync[2m > [22m[2mshould set isSyncing to true during sync
[22m[39m[OfflineSync] Sync complete: 1 successful, 0 failed out of 1 total

[90mstdout[2m | src/test/useOfflineStatus.test.ts[2m > [22m[2museOfflineStatus Hook[2m > [22m[2mManual Sync[2m > [22m[2mshould not sync when offline
[22m[39m[IndexedDB] Action queued for sync: POST /api/shots

[90mstdout[2m | src/test/useOfflineStatus.test.ts[2m > [22m[2museOfflineStatus Hook[2m > [22m[2mManual Sync[2m > [22m[2mshould not sync when offline
[22m[39m[useOfflineStatus] Cannot sync while offline

[90mstderr[2m | src/test/TeamManagement.test.tsx[2m > [22m[2mTeamManagement[2m > [22m[2mdisplays error message when team fetch fails
[22m[39mError fetching teams: { response: { data: { error: [32m'Failed to fetch teams'[39m } } }

[90mstdout[2m | src/test/useOfflineStatus.test.ts[2m > [22m[2museOfflineStatus Hook[2m > [22m[2mManual Sync[2m > [22m[2mshould handle sync errors gracefully
[22m[39m[IndexedDB] Action queued for sync: POST /api/shots

[90mstderr[2m | src/test/Login.test.tsx[2m > [22m[2mLogin Component[2m > [22m[2mEdge Cases[2m > [22m[2mhandles empty form submission
[22m[39mAn update to Login inside a test was not wrapped in act(...).

When testing, code that causes React state updates should be wrapped into act(...):

act(() => {
  /* fire events that update state */
});
/* assert on the output */

This ensures that you're testing the behavior the user would see in the browser. Learn more at https://react.dev/link/wrap-tests-with-act

[90mstdout[2m | src/test/useOfflineStatus.test.ts[2m > [22m[2museOfflineStatus Hook[2m > [22m[2mManual Sync[2m > [22m[2mshould handle sync errors gracefully
[22m[39m[OfflineSync] Processing 1 pending actions

[90mstderr[2m | src/test/useOfflineStatus.test.ts[2m > [22m[2museOfflineStatus Hook[2m > [22m[2mManual Sync[2m > [22m[2mshould handle sync errors gracefully
[22m[39m[OfflineSync] Error syncing action 7: Error: Network error
    at E:/code/ShotSpot/frontend/src/test/useOfflineStatus.test.ts:294:49
    at [90mfile:///E:/code/ShotSpot/frontend/[39mnode_modules/[4m@vitest[24m/runner/dist/index.js:753:20

[90mstdout[2m | src/test/useOfflineStatus.test.ts[2m > [22m[2museOfflineStatus Hook[2m > [22m[2mManual Sync[2m > [22m[2mshould handle sync errors gracefully
[22m[39m[OfflineSync] Sync complete: 0 successful, 1 failed out of 1 total

[90mstderr[2m | src/test/useOfflineStatus.test.ts[2m > [22m[2museOfflineStatus Hook[2m > [22m[2mService Worker Messages[2m > [22m[2mshould update state on SYNC_
START message
[22m[39mAn update to TestComponent inside a test was not wrapped in act(...).

When testing, code that causes React state updates should be wrapped into act(...):

act(() => {
  /* fire events that update state */
});
/* assert on the output */

This ensures that you're testing the behavior the user would see in the browser. Learn more at https://react.dev/link/wrap-tests-with-act

[90mstderr[2m | src/test/useOfflineStatus.test.ts[2m > [22m[2museOfflineStatus Hook[2m > [22m[2mService Worker Messages[2m > [22m[2mshould update state on SYNC_
START message
[22m[39mAn update to TestComponent inside a test was not wrapped in act(...).

When testing, code that causes React state updates should be wrapped into act(...):

act(() => {
  /* fire events that update state */
});
/* assert on the output */

This ensures that you're testing the behavior the user would see in the browser. Learn more at https://react.dev/link/wrap-tests-with-act

 [32mÔ£ô[39m src/test/Login.test.tsx [2m([22m[2m19 tests[22m[2m)[22m[33m 838[2mms[22m[39m
[90mstderr[2m | src/test/ShotAnalytics.test.tsx[2m > [22m[2mShotAnalytics Component[2m > [22m[2mNavigation[2m > [22m[2mshould navigate back to match when back b
utton clicked
[22m[39mNo routes matched location "/match/123" 

[90mstdout[2m | src/test/useOfflineStatus.test.ts[2m > [22m[2museOfflineStatus Hook[2m > [22m[2mService Worker Messages[2m > [22m[2mshould update state on SYNC_COMPLETE message
[22m[39m[IndexedDB] Action queued for sync: POST /api/shots

[90mstderr[2m | src/test/TeamManagement.test.tsx[2m > [22m[2mTeamManagement[2m > [22m[2mdisplays error message when team creation fails
[22m[39mError adding team: { response: { data: { error: [32m'Team name already exists'[39m } } }

[90mstdout[2m | src/test/useOfflineStatus.test.ts[2m > [22m[2museOfflineStatus Hook[2m > [22m[2mService Worker Messages[2m > [22m[2mshould update state on SYNC_COMPLETE message
[22m[39m[OfflineSync] Processing 1 pending actions

[90mstdout[2m | src/test/useOfflineStatus.test.ts[2m > [22m[2museOfflineStatus Hook[2m > [22m[2mService Worker Messages[2m > [22m[2mshould update state on SYNC_COMPLETE message
[22m[39m[OfflineSync] Synced action 8: POST /api/shots

[90mstdout[2m | src/test/useOfflineStatus.test.ts[2m > [22m[2museOfflineStatus Hook[2m > [22m[2mService Worker Messages[2m > [22m[2mshould update state on SYNC_COMPLETE message
[22m[39m[OfflineSync] Sync complete: 1 successful, 0 failed out of 1 total

 [32mÔ£ô[39m src/test/useTimer.test.ts [2m([22m[2m14 tests[22m[2m)[22m[33m 860[2mms[22m[39m
[90mstdout[2m | src/test/useOfflineStatus.test.ts[2m > [22m[2museOfflineStatus Hook[2m > [22m[2mSync Complete Event[2m > [22m[2mshould handle offline-sync-complete event
[22m[39m[IndexedDB] Action queued for sync: POST /api/shots

[90mstdout[2m | src/test/useOfflineStatus.test.ts[2m > [22m[2museOfflineStatus Hook[2m > [22m[2mSync Complete Event[2m > [22m[2mshould handle offline-sync-complete event
[22m[39m[OfflineSync] Processing 1 pending actions

[90mstdout[2m | src/test/useOfflineStatus.test.ts[2m > [22m[2museOfflineStatus Hook[2m > [22m[2mSync Complete Event[2m > [22m[2mshould handle offline-sync-complete event
[22m[39m[OfflineSync] Synced action 9: POST /api/shots

[90mstdout[2m | src/test/useOfflineStatus.test.ts[2m > [22m[2museOfflineStatus Hook[2m > [22m[2mSync Complete Event[2m > [22m[2mshould handle offline-sync-complete event
[22m[39m[OfflineSync] Sync complete: 1 successful, 0 failed out of 1 total

 [32mÔ£ô[39m src/test/useOfflineStatus.test.ts [2m([22m[2m13 tests[22m[2m)[22m[33m 866[2mms[22m[39m
 [32mÔ£ô[39m src/test/TeamManagement.test.tsx [2m([22m[2m6 tests[22m[2m)[22m[33m 829[2mms[22m[39m
     [33m[2mÔ£ô[22m[39m handles team creation successfully [33m 404[2mms[22m[39m
 [32mÔ£ô[39m src/test/MatchTimeline.test.tsx [2m([22m[2m11 tests[22m[2m)[22m[33m 693[2mms[22m[39m
 [32mÔ£ô[39m src/test/ShotAnalytics.test.tsx [2m([22m[2m35 tests[22m[2m)[22m[33m 1303[2mms[22m[39m
 [32mÔ£ô[39m src/test/EnhancedMatchEvents.integration.test.tsx [2m([22m[2m8 tests[22m[2m)[22m[33m 7273[2mms[22m[39m
       [33m[2mÔ£ô[22m[39m records fault and subsequent free shot sequence [33m 1104[2mms[22m[39m
       [33m[2mÔ£ô[22m[39m records timeout with commentary sequence [33m 2097[2mms[22m[39m
       [33m[2mÔ£ô[22m[39m handles API failures across components gracefully [33m 662[2mms[22m[39m
       [33m[2mÔ£ô[22m[39m handles multiple rapid interactions efficiently [33m 3143[2mms[22m[39m
[90mstderr[2m | src/test/PeriodEnd.test.tsx[2m > [22m[2mPeriod End Functionality[2m > [22m[2mEvent Creation with Period End Check[2m > [22m[2mshould prevent sub
stitution when period has ended and user cancels
[22m[39mAn update to SubstitutionPanel inside a test was not wrapped in act(...).

When testing, code that causes React state updates should be wrapped into act(...):

act(() => {
  /* fire events that update state */
});
/* assert on the output */

This ensures that you're testing the behavior the user would see in the browser. Learn more at https://react.dev/link/wrap-tests-with-act
Error fetching substitutions: TypeError: response.data.slice is not a function
    at E:/code/ShotSpot/frontend/src/components/SubstitutionPanel.tsx:105:44
[90m    at processTicksAndRejections (node:internal/process/task_queues:105:5)[39m

 [32mÔ£ô[39m src/test/PeriodEnd.test.tsx [2m([22m[2m8 tests[22m[2m)[22m[33m 658[2mms[22m[39m
       [33m[2mÔ£ô[22m[39m should show confirmation dialog when adding shot after period ends [33m 374[2mms[22m[39m
[90mstderr[2m | src/test/PlayerManagement.test.tsx[2m > [22m[2mPlayerManagement[2m > [22m[2mhandles API errors when fetching data
[22m[39mError fetching teams: Failed to fetch teams
Error fetching players: Failed to fetch players

 [32mÔ£ô[39m src/test/Leaderboard.test.tsx [2m([22m[2m29 tests[22m[2m)[22m[33m 578[2mms[22m[39m
 [32mÔ£ô[39m src/test/AchievementBadge.test.tsx [2m([22m[2m21 tests[22m[2m)[22m[33m 554[2mms[22m[39m
[90mstdout[2m | src/test/offlineSync.test.ts[2m > [22m[2mOffline Sync Manager[2m > [22m[2mqueueAction[2m > [22m[2mshould queue a POST action
[22m[39m[IndexedDB] Database initialized

[90mstdout[2m | src/test/offlineSync.test.ts[2m > [22m[2mOffline Sync Manager[2m > [22m[2mqueueAction[2m > [22m[2mshould queue a POST action
[22m[39m[IndexedDB] Action queued for sync: POST /api/shots

[90mstdout[2m | src/test/offlineSync.test.ts[2m > [22m[2mOffline Sync Manager[2m > [22m[2mqueueAction[2m > [22m[2mshould queue a POST action
[22m[39m[OfflineSync] Auto-sync listener stopped

[90mstdout[2m | src/test/offlineSync.test.ts[2m > [22m[2mOffline Sync Manager[2m > [22m[2mqueueAction[2m > [22m[2mshould queue a PUT action
[22m[39m[IndexedDB] Action queued for sync: PUT /api/teams/1

[90mstdout[2m | src/test/offlineSync.test.ts[2m > [22m[2mOffline Sync Manager[2m > [22m[2mqueueAction[2m > [22m[2mshould queue a PUT action
[22m[39m[OfflineSync] Auto-sync listener stopped

[90mstdout[2m | src/test/offlineSync.test.ts[2m > [22m[2mOffline Sync Manager[2m > [22m[2mqueueAction[2m > [22m[2mshould queue a DELETE action
[22m[39m[IndexedDB] Action queued for sync: DELETE /api/players/5

[90mstdout[2m | src/test/offlineSync.test.ts[2m > [22m[2mOffline Sync Manager[2m > [22m[2mqueueAction[2m > [22m[2mshould queue a DELETE action
[22m[39m[OfflineSync] Auto-sync listener stopped

[90mstdout[2m | src/test/offlineSync.test.ts[2m > [22m[2mOffline Sync Manager[2m > [22m[2mqueueAction[2m > [22m[2mshould trigger background sync if available
[22m[39m[IndexedDB] Action queued for sync: POST /api/shots

 [32mÔ£ô[39m src/test/LiveMatch.focus-mode.test.tsx [2m([22m[2m9 tests[22m[2m)[22m[33m 463[2mms[22m[39m
[90mstderr[2m | src/test/offlineSync.test.ts[2m > [22m[2mOffline Sync Manager[2m > [22m[2mqueueAction[2m > [22m[2mshould trigger background sync if available
[22m[39mBackground sync test timing issue - works correctly in production

[90mstdout[2m | src/test/offlineSync.test.ts[2m > [22m[2mOffline Sync Manager[2m > [22m[2mqueueAction[2m > [22m[2mshould trigger background sync if available
[22m[39m[OfflineSync] Auto-sync listener stopped

[90mstdout[2m | src/test/offlineSync.test.ts[2m > [22m[2mOffline Sync Manager[2m > [22m[2mprocessQueue[2m > [22m[2mshould process queued actions successfully
[22m[39m[IndexedDB] Action queued for sync: POST /api/shots

[90mstdout[2m | src/test/offlineSync.test.ts[2m > [22m[2mOffline Sync Manager[2m > [22m[2mprocessQueue[2m > [22m[2mshould process queued actions successfully
[22m[39m[IndexedDB] Action queued for sync: PUT /api/teams/1

[90mstdout[2m | src/test/offlineSync.test.ts[2m > [22m[2mOffline Sync Manager[2m > [22m[2mprocessQueue[2m > [22m[2mshould process queued actions successfully
[22m[39m[OfflineSync] Processing 2 pending actions

[90mstdout[2m | src/test/offlineSync.test.ts[2m > [22m[2mOffline Sync Manager[2m > [22m[2mprocessQueue[2m > [22m[2mshould process queued actions successfully
[22m[39m[OfflineSync] Synced action 5: POST /api/shots

[90mstdout[2m | src/test/offlineSync.test.ts[2m > [22m[2mOffline Sync Manager[2m > [22m[2mprocessQueue[2m > [22m[2mshould process queued actions successfully
[22m[39m[OfflineSync] Synced action 6: PUT /api/teams/1

[90mstdout[2m | src/test/offlineSync.test.ts[2m > [22m[2mOffline Sync Manager[2m > [22m[2mprocessQueue[2m > [22m[2mshould process queued actions successfully
[22m[39m[OfflineSync] Sync complete: 2 successful, 0 failed out of 2 total

[90mstdout[2m | src/test/offlineSync.test.ts[2m > [22m[2mOffline Sync Manager[2m > [22m[2mprocessQueue[2m > [22m[2mshould process queued actions successfully
[22m[39m[OfflineSync] Auto-sync listener stopped

[90mstdout[2m | src/test/offlineSync.test.ts[2m > [22m[2mOffline Sync Manager[2m > [22m[2mprocessQueue[2m > [22m[2mshould handle failed sync attempts
[22m[39m[IndexedDB] Action queued for sync: POST /api/shots

[90mstdout[2m | src/test/offlineSync.test.ts[2m > [22m[2mOffline Sync Manager[2m > [22m[2mprocessQueue[2m > [22m[2mshould handle failed sync attempts
[22m[39m[OfflineSync] Processing 1 pending actions

[90mstderr[2m | src/test/offlineSync.test.ts[2m > [22m[2mOffline Sync Manager[2m > [22m[2mprocessQueue[2m > [22m[2mshould handle failed sync attempts
[22m[39m[OfflineSync] Failed to sync action 7: [33m500[39m Internal Server Error

[90mstdout[2m | src/test/offlineSync.test.ts[2m > [22m[2mOffline Sync Manager[2m > [22m[2mprocessQueue[2m > [22m[2mshould handle failed sync attempts
[22m[39m[OfflineSync] Sync complete: 0 successful, 1 failed out of 1 total

[90mstdout[2m | src/test/offlineSync.test.ts[2m > [22m[2mOffline Sync Manager[2m > [22m[2mprocessQueue[2m > [22m[2mshould handle failed sync attempts
[22m[39m[OfflineSync] Auto-sync listener stopped

[90mstdout[2m | src/test/offlineSync.test.ts[2m > [22m[2mOffline Sync Manager[2m > [22m[2mprocessQueue[2m > [22m[2mshould handle network errors
[22m[39m[IndexedDB] Action queued for sync: POST /api/shots

[90mstdout[2m | src/test/offlineSync.test.ts[2m > [22m[2mOffline Sync Manager[2m > [22m[2mprocessQueue[2m > [22m[2mshould handle network errors
[22m[39m[OfflineSync] Processing 1 pending actions

[90mstderr[2m | src/test/offlineSync.test.ts[2m > [22m[2mOffline Sync Manager[2m > [22m[2mprocessQueue[2m > [22m[2mshould handle network errors
[22m[39m[OfflineSync] Error syncing action 8: Error: Network error
    at E:/code/ShotSpot/frontend/src/test/offlineSync.test.ts:165:49
[90m    at runNextTicks (node:internal/process/task_queues:65:5)[39m
[90m    at processImmediate (node:internal/timers:453:9)[39m
    at [90mfile:///E:/code/ShotSpot/frontend/[39mnode_modules/[4m@vitest[24m/runner/dist/index.js:753:20

[90mstdout[2m | src/test/offlineSync.test.ts[2m > [22m[2mOffline Sync Manager[2m > [22m[2mprocessQueue[2m > [22m[2mshould handle network errors
[22m[39m[OfflineSync] Sync complete: 0 successful, 1 failed out of 1 total

[90mstdout[2m | src/test/offlineSync.test.ts[2m > [22m[2mOffline Sync Manager[2m > [22m[2mprocessQueue[2m > [22m[2mshould handle network errors
[22m[39m[OfflineSync] Auto-sync listener stopped

[90mstdout[2m | src/test/offlineSync.test.ts[2m > [22m[2mOffline Sync Manager[2m > [22m[2mprocessQueue[2m > [22m[2mshould include auth token in requests
[22m[39m[IndexedDB] Action queued for sync: POST /api/shots

[90mstdout[2m | src/test/offlineSync.test.ts[2m > [22m[2mOffline Sync Manager[2m > [22m[2mprocessQueue[2m > [22m[2mshould include auth token in requests
[22m[39m[OfflineSync] Processing 1 pending actions

[90mstdout[2m | src/test/offlineSync.test.ts[2m > [22m[2mOffline Sync Manager[2m > [22m[2mprocessQueue[2m > [22m[2mshould include auth token in requests
[22m[39m[OfflineSync] Synced action 9: POST /api/shots

[90mstdout[2m | src/test/offlineSync.test.ts[2m > [22m[2mOffline Sync Manager[2m > [22m[2mprocessQueue[2m > [22m[2mshould include auth token in requests
[22m[39m[OfflineSync] Sync complete: 1 successful, 0 failed out of 1 total

[90mstdout[2m | src/test/offlineSync.test.ts[2m > [22m[2mOffline Sync Manager[2m > [22m[2mprocessQueue[2m > [22m[2mshould include auth token in requests
[22m[39m[OfflineSync] Auto-sync listener stopped

[90mstdout[2m | src/test/offlineSync.test.ts[2m > [22m[2mOffline Sync Manager[2m > [22m[2mprocessQueue[2m > [22m[2mshould send body for POST and PUT requests
[22m[39m[IndexedDB] Action queued for sync: POST /api/shots

[90mstdout[2m | src/test/offlineSync.test.ts[2m > [22m[2mOffline Sync Manager[2m > [22m[2mprocessQueue[2m > [22m[2mshould send body for POST and PUT requests
[22m[39m[OfflineSync] Processing 1 pending actions

[90mstdout[2m | src/test/offlineSync.test.ts[2m > [22m[2mOffline Sync Manager[2m > [22m[2mprocessQueue[2m > [22m[2mshould send body for POST and PUT requests
[22m[39m[OfflineSync] Synced action 10: POST /api/shots

[90mstdout[2m | src/test/offlineSync.test.ts[2m > [22m[2mOffline Sync Manager[2m > [22m[2mprocessQueue[2m > [22m[2mshould send body for POST and PUT requests
[22m[39m[OfflineSync] Sync complete: 1 successful, 0 failed out of 1 total

[90mstdout[2m | src/test/offlineSync.test.ts[2m > [22m[2mOffline Sync Manager[2m > [22m[2mprocessQueue[2m > [22m[2mshould send body for POST and PUT requests
[22m[39m[OfflineSync] Auto-sync listener stopped

[90mstdout[2m | src/test/offlineSync.test.ts[2m > [22m[2mOffline Sync Manager[2m > [22m[2mprocessQueue[2m > [22m[2mshould not send body for DELETE requests
[22m[39m[IndexedDB] Action queued for sync: DELETE /api/players/5

[90mstdout[2m | src/test/offlineSync.test.ts[2m > [22m[2mOffline Sync Manager[2m > [22m[2mprocessQueue[2m > [22m[2mshould not send body for DELETE requests
[22m[39m[OfflineSync] Processing 1 pending actions

[90mstdout[2m | src/test/offlineSync.test.ts[2m > [22m[2mOffline Sync Manager[2m > [22m[2mprocessQueue[2m > [22m[2mshould not send body for DELETE requests
[22m[39m[OfflineSync] Synced action 11: DELETE /api/players/5

[90mstdout[2m | src/test/offlineSync.test.ts[2m > [22m[2mOffline Sync Manager[2m > [22m[2mprocessQueue[2m > [22m[2mshould not send body for DELETE requests
[22m[39m[OfflineSync] Sync complete: 1 successful, 0 failed out of 1 total

[90mstdout[2m | src/test/offlineSync.test.ts[2m > [22m[2mOffline Sync Manager[2m > [22m[2mprocessQueue[2m > [22m[2mshould not send body for DELETE requests
[22m[39m[OfflineSync] Auto-sync listener stopped

[90mstdout[2m | src/test/offlineSync.test.ts[2m > [22m[2mOffline Sync Manager[2m > [22m[2mprocessQueue[2m > [22m[2mshould return correct result when queue is empty
[22m[39m[OfflineSync] No pending actions to sync

[90mstdout[2m | src/test/offlineSync.test.ts[2m > [22m[2mOffline Sync Manager[2m > [22m[2mprocessQueue[2m > [22m[2mshould return correct result when queue is empty
[22m[39m[OfflineSync] Auto-sync listener stopped

[90mstdout[2m | src/test/offlineSync.test.ts[2m > [22m[2mOffline Sync Manager[2m > [22m[2mretryFailedActions[2m > [22m[2mshould retry processing the queue
[22m[39m[IndexedDB] Action queued for sync: POST /api/shots

[90mstdout[2m | src/test/offlineSync.test.ts[2m > [22m[2mOffline Sync Manager[2m > [22m[2mretryFailedActions[2m > [22m[2mshould retry processing the queue
[22m[39m[OfflineSync] Retrying failed actions...

[90mstdout[2m | src/test/offlineSync.test.ts[2m > [22m[2mOffline Sync Manager[2m > [22m[2mretryFailedActions[2m > [22m[2mshould retry processing the queue
[22m[39m[OfflineSync] Processing 1 pending actions

[90mstdout[2m | src/test/offlineSync.test.ts[2m > [22m[2mOffline Sync Manager[2m > [22m[2mretryFailedActions[2m > [22m[2mshould retry processing the queue
[22m[39m[OfflineSync] Synced action 12: POST /api/shots

[90mstdout[2m | src/test/offlineSync.test.ts[2m > [22m[2mOffline Sync Manager[2m > [22m[2mretryFailedActions[2m > [22m[2mshould retry processing the queue
[22m[39m[OfflineSync] Sync complete: 1 successful, 0 failed out of 1 total

[90mstdout[2m | src/test/offlineSync.test.ts[2m > [22m[2mOffline Sync Manager[2m > [22m[2mretryFailedActions[2m > [22m[2mshould retry processing the queue
[22m[39m[OfflineSync] Auto-sync listener stopped

[90mstdout[2m | src/test/offlineSync.test.ts[2m > [22m[2mOffline Sync Manager[2m > [22m[2mgetPendingActionsCount[2m > [22m[2mshould return count of pending actions
[22m[39m[IndexedDB] Action queued for sync: POST /api/shots

[90mstdout[2m | src/test/offlineSync.test.ts[2m > [22m[2mOffline Sync Manager[2m > [22m[2mgetPendingActionsCount[2m > [22m[2mshould return count of pending actions
[22m[39m[IndexedDB] Action queued for sync: PUT /api/teams/1

[90mstdout[2m | src/test/offlineSync.test.ts[2m > [22m[2mOffline Sync Manager[2m > [22m[2mgetPendingActionsCount[2m > [22m[2mshould return count of pending actions
[22m[39m[IndexedDB] Action queued for sync: DELETE /api/players/5

[90mstdout[2m | src/test/offlineSync.test.ts[2m > [22m[2mOffline Sync Manager[2m > [22m[2mgetPendingActionsCount[2m > [22m[2mshould return count of pending actions
[22m[39m[OfflineSync] Auto-sync listener stopped

[90mstdout[2m | src/test/offlineSync.test.ts[2m > [22m[2mOffline Sync Manager[2m > [22m[2mgetPendingActionsCount[2m > [22m[2mshould return 0 when no pending actions
[22m[39m[OfflineSync] Auto-sync listener stopped

[90mstdout[2m | src/test/offlineSync.test.ts[2m > [22m[2mOffline Sync Manager[2m > [22m[2mAuto-sync[2m > [22m[2mshould start listening for online events
[22m[39m[OfflineSync] Auto-sync listener started

[90mstdout[2m | src/test/offlineSync.test.ts[2m > [22m[2mOffline Sync Manager[2m > [22m[2mAuto-sync[2m > [22m[2mshould start listening for online events
[22m[39m[OfflineSync] Auto-sync listener stopped

[90mstdout[2m | src/test/offlineSync.test.ts[2m > [22m[2mOffline Sync Manager[2m > [22m[2mAuto-sync[2m > [22m[2mshould stop listening for online events
[22m[39m[OfflineSync] Auto-sync listener started
[OfflineSync] Auto-sync listener stopped

[90mstdout[2m | src/test/offlineSync.test.ts[2m > [22m[2mOffline Sync Manager[2m > [22m[2mAuto-sync[2m > [22m[2mshould stop listening for online events
[22m[39m[OfflineSync] Auto-sync listener stopped

[90mstdout[2m | src/test/offlineSync.test.ts[2m > [22m[2mOffline Sync Manager[2m > [22m[2mAuto-sync[2m > [22m[2mshould trigger sync when going online
[22m[39m[IndexedDB] Action queued for sync: POST /api/shots

[90mstdout[2m | src/test/offlineSync.test.ts[2m > [22m[2mOffline Sync Manager[2m > [22m[2mAuto-sync[2m > [22m[2mshould trigger sync when going online
[22m[39m[OfflineSync] Auto-sync listener started
[OfflineSync] Connection restored, syncing pending actions...
[OfflineSync] Connection restored, syncing pending actions...
[OfflineSync] Connection restored, syncing pending actions...

[90mstdout[2m | src/test/offlineSync.test.ts[2m > [22m[2mOffline Sync Manager[2m > [22m[2mAuto-sync[2m > [22m[2mshould trigger sync when going online
[22m[39m[OfflineSync] Processing 1 pending actions

[90mstdout[2m | src/test/offlineSync.test.ts[2m > [22m[2mOffline Sync Manager[2m > [22m[2mAuto-sync[2m > [22m[2mshould trigger sync when going online
[22m[39m[OfflineSync] Processing 1 pending actions

[90mstdout[2m | src/test/offlineSync.test.ts[2m > [22m[2mOffline Sync Manager[2m > [22m[2mAuto-sync[2m > [22m[2mshould trigger sync when going online
[22m[39m[OfflineSync] Processing 1 pending actions

[90mstdout[2m | src/test/offlineSync.test.ts[2m > [22m[2mOffline Sync Manager[2m > [22m[2mAuto-sync[2m > [22m[2mshould trigger sync when going online
[22m[39m[OfflineSync] Synced action 16: POST /api/shots

[90mstdout[2m | src/test/offlineSync.test.ts[2m > [22m[2mOffline Sync Manager[2m > [22m[2mAuto-sync[2m > [22m[2mshould trigger sync when going online
[22m[39m[OfflineSync] Synced action 16: POST /api/shots

[90mstdout[2m | src/test/offlineSync.test.ts[2m > [22m[2mOffline Sync Manager[2m > [22m[2mAuto-sync[2m > [22m[2mshould trigger sync when going online
[22m[39m[OfflineSync] Synced action 16: POST /api/shots

[90mstdout[2m | src/test/offlineSync.test.ts[2m > [22m[2mOffline Sync Manager[2m > [22m[2mAuto-sync[2m > [22m[2mshould trigger sync when going online
[22m[39m[OfflineSync] Sync complete: 1 successful, 0 failed out of 1 total

[90mstdout[2m | src/test/offlineSync.test.ts[2m > [22m[2mOffline Sync Manager[2m > [22m[2mAuto-sync[2m > [22m[2mshould trigger sync when going online
[22m[39m[OfflineSync] Sync complete: 1 successful, 0 failed out of 1 total

[90mstdout[2m | src/test/offlineSync.test.ts[2m > [22m[2mOffline Sync Manager[2m > [22m[2mAuto-sync[2m > [22m[2mshould trigger sync when going online
[22m[39m[OfflineSync] Sync complete: 1 successful, 0 failed out of 1 total

Not implemented: navigation to another Document
 [32mÔ£ô[39m src/test/FocusMode.test.tsx [2m([22m[2m22 tests[22m[2m)[22m[33m 329[2mms[22m[39m
[90mstdout[2m | src/test/offlineSync.test.ts[2m > [22m[2mOffline Sync Manager[2m > [22m[2mAuto-sync[2m > [22m[2mshould trigger sync when going online
[22m[39m[OfflineSync] Auto-sync listener stopped

 [32mÔ£ô[39m src/test/offlineSync.test.ts [2m([22m[2m17 tests[22m[2m)[22m[33m 395[2mms[22m[39m
 [32mÔ£ô[39m src/test/OfflineIndicator.test.tsx [2m([22m[2m18 tests[22m[2m)[22m[33m 316[2mms[22m[39m
 [32mÔ£ô[39m src/test/AuthContext.test.tsx [2m([22m[2m23 tests[22m[2m)[22m[33m 442[2mms[22m[39m
[90mstdout[2m | src/test/indexedDB.test.ts[2m > [22m[2mIndexedDB Utility[2m > [22m[2minitDB[2m > [22m[2mshould initialize the database
[22m[39m[IndexedDB] Database initialized

[90mstdout[2m | src/test/indexedDB.test.ts[2m > [22m[2mIndexedDB Utility[2m > [22m[2mOffline Action Queue[2m > [22m[2mqueueOfflineAction[2m > [22m[2mshould queue an offline action
[22m[39m[IndexedDB] Action queued for sync: POST /api/shots

[90mstdout[2m | src/test/indexedDB.test.ts[2m > [22m[2mIndexedDB Utility[2m > [22m[2mOffline Action Queue[2m > [22m[2mqueueOfflineAction[2m > [22m[2mshould queue multiple actions
[22m[39m[IndexedDB] Action queued for sync: POST /api/shots

[90mstdout[2m | src/test/indexedDB.test.ts[2m > [22m[2mIndexedDB Utility[2m > [22m[2mOffline Action Queue[2m > [22m[2mqueueOfflineAction[2m > [22m[2mshould queue multiple actions
[22m[39m[IndexedDB] Action queued for sync: PUT /api/teams/1

[90mstdout[2m | src/test/indexedDB.test.ts[2m > [22m[2mIndexedDB Utility[2m > [22m[2mOffline Action Queue[2m > [22m[2mgetUnsyncedActions[2m > [22m[2mshould return only unsynced actions
[22m[39m[IndexedDB] Action queued for sync: POST /api/shots

[90mstdout[2m | src/test/indexedDB.test.ts[2m > [22m[2mIndexedDB Utility[2m > [22m[2mOffline Action Queue[2m > [22m[2mmarkActionSynced[2m > [22m[2mshould mark an action as synced
[22m[39m[IndexedDB] Action queued for sync: POST /api/shots

[90mstdout[2m | src/test/indexedDB.test.ts[2m > [22m[2mIndexedDB Utility[2m > [22m[2mOffline Action Queue[2m > [22m[2mclearOldSyncedActions[2m > [22m[2mshould clear synced actions older than 7 days
[22m[39m[IndexedDB] Action queued for sync: POST /api/unsynced

 [32mÔ£ô[39m src/test/indexedDB.test.ts [2m([22m[2m19 tests[22m[2m)[22m[32m 37[2mms[22m[39m
[90mstderr[2m | src/test/api.test.ts[2m > [22m[2mAPI Utility[2m > [22m[2mOffline Functionality[2m > [22m[2mshould queue POST requests when offline
[22m[39mFailed to get CSRF token: AxiosError: Request failed with status code 404
    at Function.AxiosError.from [90m(E:\code\ShotSpot\frontend\[39mnode_modules\[4maxios[24m\dist\node\axios.cjs:914:14[90m)[39m
    at createAxiosError [90m(E:\code\ShotSpot\frontend\[39mnode_modules\[4maxios-mock-adapter[24m\src\utils.js:161:29[90m)[39m
    at Object.settle [90m(E:\code\ShotSpot\frontend\[39mnode_modules\[4maxios-mock-adapter[24m\src\utils.js:150:11[90m)[39m
[90m    at processTicksAndRejections (node:internal/process/task_queues:105:5)[39m
    at Axios.request [90m(file:///E:/code/ShotSpot/frontend/[39mnode_modules/[4maxios[24m/lib/core/Axios.js:45:41[90m)[39m
[90m    at processTicksAndRejections (node:internal/process/task_queues:105:5)[39m
    at getCsrfToken (E:/code/ShotSpot/frontend/src/utils/api.ts:23:22)
    at E:/code/ShotSpot/frontend/src/utils/api.ts:43:22
    at Axios.request [90m(file:///E:/code/ShotSpot/frontend/[39mnode_modules/[4maxios[24m/lib/core/Axios.js:40:14[90m)[39m
    at E:/code/ShotSpot/frontend/src/test/api.test.ts:300:24
    at [90mfile:///E:/code/ShotSpot/frontend/[39mnode_modules/[4m@vitest[24m/runner/dist/index.js:753:20 {
  config: {
    transitional: {
      silentJSONParsing: [33mtrue[39m,
      forcedJSONParsing: [33mtrue[39m,
      clarifyTimeoutError: [33mfalse[39m
    },
    transformRequest: [ [36m[Function: transformRequest][39m ],
    transformResponse: [ [36m[Function: transformResponse][39m ],
    timeout: [33m0[39m,
    xsrfCookieName: [32m'XSRF-TOKEN'[39m,
    xsrfHeaderName: [32m'X-XSRF-TOKEN'[39m,
    maxContentLength: [33m-1[39m,
    maxBodyLength: [33m-1[39m,
    env: { FormData: [36m[Function [FormData]][39m, Blob: [36m[class Blob][39m },
    validateStatus: [36m[Function: validateStatus][39m,
    headers: Object [AxiosHeaders] {
      Accept: [32m'application/json, text/plain, */*'[39m,
      [32m'Content-Type'[39m: [90mundefined[39m
    },
    withCredentials: [33mtrue[39m,
    method: [32m'get'[39m,
    url: [32m'http://localhost:3001/api/auth/csrf'[39m,
    allowAbsoluteUrls: [33mtrue[39m,
    data: [90mundefined[39m
  },
  response: {
    status: [33m404[39m,
    data: [90mundefined[39m,
    headers: Object [AxiosHeaders] {},
    config: {
      transitional: [36m[Object][39m,
      transformRequest: [36m[Array][39m,
      transformResponse: [36m[Array][39m,
      timeout: [33m0[39m,
      xsrfCookieName: [32m'XSRF-TOKEN'[39m,
      xsrfHeaderName: [32m'X-XSRF-TOKEN'[39m,
      maxContentLength: [33m-1[39m,
      maxBodyLength: [33m-1[39m,
      env: [36m[Object][39m,
      validateStatus: [36m[Function: validateStatus][39m,
      headers: [36m[Object [AxiosHeaders]][39m,
      withCredentials: [33mtrue[39m,
      method: [32m'get'[39m,
      url: [32m'http://localhost:3001/api/auth/csrf'[39m,
      allowAbsoluteUrls: [33mtrue[39m,
      data: [90mundefined[39m
    },
    request: { responseURL: [32m'http://localhost:3001/api/auth/csrf'[39m }
  },
  status: [33m404[39m,
  [cause]: Error: Request failed with status code 404
      at createAxiosError [90m(E:\code\ShotSpot\frontend\[39mnode_modules\[4maxios-mock-adapter[24m\src\utils.js:161:34[90m)[39m
      at Object.settle [90m(E:\code\ShotSpot\frontend\[39mnode_modules\[4maxios-mock-adapter[24m\src\utils.js:150:11[90m)[39m
  [90m    at processTicksAndRejections (node:internal/process/task_queues:105:5)[39m
}

[90mstderr[2m | src/test/api.test.ts[2m > [22m[2mAPI Utility[2m > [22m[2mOffline Functionality[2m > [22m[2mshould queue PUT requests when offline
[22m[39mFailed to get CSRF token: AxiosError: Request failed with status code 404
    at Function.AxiosError.from [90m(E:\code\ShotSpot\frontend\[39mnode_modules\[4maxios[24m\dist\node\axios.cjs:914:14[90m)[39m
    at createAxiosError [90m(E:\code\ShotSpot\frontend\[39mnode_modules\[4maxios-mock-adapter[24m\src\utils.js:161:29[90m)[39m
    at Object.settle [90m(E:\code\ShotSpot\frontend\[39mnode_modules\[4maxios-mock-adapter[24m\src\utils.js:150:11[90m)[39m
[90m    at processTicksAndRejections (node:internal/process/task_queues:105:5)[39m
    at Axios.request [90m(file:///E:/code/ShotSpot/frontend/[39mnode_modules/[4maxios[24m/lib/core/Axios.js:45:41[90m)[39m
[90m    at processTicksAndRejections (node:internal/process/task_queues:105:5)[39m
    at getCsrfToken (E:/code/ShotSpot/frontend/src/utils/api.ts:23:22)
    at E:/code/ShotSpot/frontend/src/utils/api.ts:43:22
    at Axios.request [90m(file:///E:/code/ShotSpot/frontend/[39mnode_modules/[4maxios[24m/lib/core/Axios.js:40:14[90m)[39m
    at E:/code/ShotSpot/frontend/src/test/api.test.ts:318:24
    at [90mfile:///E:/code/ShotSpot/frontend/[39mnode_modules/[4m@vitest[24m/runner/dist/index.js:753:20 {
  config: {
    transitional: {
      silentJSONParsing: [33mtrue[39m,
      forcedJSONParsing: [33mtrue[39m,
      clarifyTimeoutError: [33mfalse[39m
    },
    transformRequest: [ [36m[Function: transformRequest][39m ],
    transformResponse: [ [36m[Function: transformResponse][39m ],
    timeout: [33m0[39m,
    xsrfCookieName: [32m'XSRF-TOKEN'[39m,
    xsrfHeaderName: [32m'X-XSRF-TOKEN'[39m,
    maxContentLength: [33m-1[39m,
    maxBodyLength: [33m-1[39m,
    env: { FormData: [36m[Function [FormData]][39m, Blob: [36m[class Blob][39m },
    validateStatus: [36m[Function: validateStatus][39m,
    headers: Object [AxiosHeaders] {
      Accept: [32m'application/json, text/plain, */*'[39m,
      [32m'Content-Type'[39m: [90mundefined[39m
    },
    withCredentials: [33mtrue[39m,
    method: [32m'get'[39m,
    url: [32m'http://localhost:3001/api/auth/csrf'[39m,
    allowAbsoluteUrls: [33mtrue[39m,
    data: [90mundefined[39m
  },
  response: {
    status: [33m404[39m,
    data: [90mundefined[39m,
    headers: Object [AxiosHeaders] {},
    config: {
      transitional: [36m[Object][39m,
      transformRequest: [36m[Array][39m,
      transformResponse: [36m[Array][39m,
      timeout: [33m0[39m,
      xsrfCookieName: [32m'XSRF-TOKEN'[39m,
      xsrfHeaderName: [32m'X-XSRF-TOKEN'[39m,
      maxContentLength: [33m-1[39m,
      maxBodyLength: [33m-1[39m,
      env: [36m[Object][39m,
      validateStatus: [36m[Function: validateStatus][39m,
      headers: [36m[Object [AxiosHeaders]][39m,
      withCredentials: [33mtrue[39m,
      method: [32m'get'[39m,
      url: [32m'http://localhost:3001/api/auth/csrf'[39m,
      allowAbsoluteUrls: [33mtrue[39m,
      data: [90mundefined[39m
    },
    request: { responseURL: [32m'http://localhost:3001/api/auth/csrf'[39m }
  },
  status: [33m404[39m,
  [cause]: Error: Request failed with status code 404
      at createAxiosError [90m(E:\code\ShotSpot\frontend\[39mnode_modules\[4maxios-mock-adapter[24m\src\utils.js:161:34[90m)[39m
      at Object.settle [90m(E:\code\ShotSpot\frontend\[39mnode_modules\[4maxios-mock-adapter[24m\src\utils.js:150:11[90m)[39m
  [90m    at processTicksAndRejections (node:internal/process/task_queues:105:5)[39m
}

[90mstderr[2m | src/test/api.test.ts[2m > [22m[2mAPI Utility[2m > [22m[2mOffline Functionality[2m > [22m[2mshould queue DELETE requests when offline
[22m[39mFailed to get CSRF token: AxiosError: Request failed with status code 404
    at Function.AxiosError.from [90m(E:\code\ShotSpot\frontend\[39mnode_modules\[4maxios[24m\dist\node\axios.cjs:914:14[90m)[39m
    at createAxiosError [90m(E:\code\ShotSpot\frontend\[39mnode_modules\[4maxios-mock-adapter[24m\src\utils.js:161:29[90m)[39m
    at Object.settle [90m(E:\code\ShotSpot\frontend\[39mnode_modules\[4maxios-mock-adapter[24m\src\utils.js:150:11[90m)[39m
[90m    at processTicksAndRejections (node:internal/process/task_queues:105:5)[39m
    at Axios.request [90m(file:///E:/code/ShotSpot/frontend/[39mnode_modules/[4maxios[24m/lib/core/Axios.js:45:41[90m)[39m
[90m    at processTicksAndRejections (node:internal/process/task_queues:105:5)[39m
    at getCsrfToken (E:/code/ShotSpot/frontend/src/utils/api.ts:23:22)
    at E:/code/ShotSpot/frontend/src/utils/api.ts:43:22
    at Axios.request [90m(file:///E:/code/ShotSpot/frontend/[39mnode_modules/[4maxios[24m/lib/core/Axios.js:40:14[90m)[39m
    at E:/code/ShotSpot/frontend/src/test/api.test.ts:332:24
    at [90mfile:///E:/code/ShotSpot/frontend/[39mnode_modules/[4m@vitest[24m/runner/dist/index.js:753:20 {
  config: {
    transitional: {
      silentJSONParsing: [33mtrue[39m,
      forcedJSONParsing: [33mtrue[39m,
      clarifyTimeoutError: [33mfalse[39m
    },
    transformRequest: [ [36m[Function: transformRequest][39m ],
    transformResponse: [ [36m[Function: transformResponse][39m ],
    timeout: [33m0[39m,
    xsrfCookieName: [32m'XSRF-TOKEN'[39m,
    xsrfHeaderName: [32m'X-XSRF-TOKEN'[39m,
    maxContentLength: [33m-1[39m,
    maxBodyLength: [33m-1[39m,
    env: { FormData: [36m[Function [FormData]][39m, Blob: [36m[class Blob][39m },
    validateStatus: [36m[Function: validateStatus][39m,
    headers: Object [AxiosHeaders] {
      Accept: [32m'application/json, text/plain, */*'[39m,
      [32m'Content-Type'[39m: [90mundefined[39m
    },
    withCredentials: [33mtrue[39m,
    method: [32m'get'[39m,
    url: [32m'http://localhost:3001/api/auth/csrf'[39m,
    allowAbsoluteUrls: [33mtrue[39m,
    data: [90mundefined[39m
  },
  response: {
    status: [33m404[39m,
    data: [90mundefined[39m,
    headers: Object [AxiosHeaders] {},
    config: {
      transitional: [36m[Object][39m,
      transformRequest: [36m[Array][39m,
      transformResponse: [36m[Array][39m,
      timeout: [33m0[39m,
      xsrfCookieName: [32m'XSRF-TOKEN'[39m,
      xsrfHeaderName: [32m'X-XSRF-TOKEN'[39m,
      maxContentLength: [33m-1[39m,
      maxBodyLength: [33m-1[39m,
      env: [36m[Object][39m,
      validateStatus: [36m[Function: validateStatus][39m,
      headers: [36m[Object [AxiosHeaders]][39m,
      withCredentials: [33mtrue[39m,
      method: [32m'get'[39m,
      url: [32m'http://localhost:3001/api/auth/csrf'[39m,
      allowAbsoluteUrls: [33mtrue[39m,
      data: [90mundefined[39m
    },
    request: { responseURL: [32m'http://localhost:3001/api/auth/csrf'[39m }
  },
  status: [33m404[39m,
  [cause]: Error: Request failed with status code 404
      at createAxiosError [90m(E:\code\ShotSpot\frontend\[39mnode_modules\[4maxios-mock-adapter[24m\src\utils.js:161:34[90m)[39m
      at Object.settle [90m(E:\code\ShotSpot\frontend\[39mnode_modules\[4maxios-mock-adapter[24m\src\utils.js:150:11[90m)[39m
  [90m    at processTicksAndRejections (node:internal/process/task_queues:105:5)[39m
}

[90mstderr[2m | src/test/api.test.ts[2m > [22m[2mAPI Utility[2m > [22m[2mOffline Functionality[2m > [22m[2mshould handle full URLs when queueing offline actions
[22m[39mFailed to get CSRF token: AxiosError: Request failed with status code 404
    at Function.AxiosError.from [90m(E:\code\ShotSpot\frontend\[39mnode_modules\[4maxios[24m\dist\node\axios.cjs:914:14[90m)[39m
    at createAxiosError [90m(E:\code\ShotSpot\frontend\[39mnode_modules\[4maxios-mock-adapter[24m\src\utils.js:161:29[90m)[39m
    at Object.settle [90m(E:\code\ShotSpot\frontend\[39mnode_modules\[4maxios-mock-adapter[24m\src\utils.js:150:11[90m)[39m
[90m    at processTicksAndRejections (node:internal/process/task_queues:105:5)[39m
    at Axios.request [90m(file:///E:/code/ShotSpot/frontend/[39mnode_modules/[4maxios[24m/lib/core/Axios.js:45:41[90m)[39m
[90m    at processTicksAndRejections (node:internal/process/task_queues:105:5)[39m
    at getCsrfToken (E:/code/ShotSpot/frontend/src/utils/api.ts:23:22)
    at E:/code/ShotSpot/frontend/src/utils/api.ts:43:22
    at Axios.request [90m(file:///E:/code/ShotSpot/frontend/[39mnode_modules/[4maxios[24m/lib/core/Axios.js:40:14[90m)[39m
    at E:/code/ShotSpot/frontend/src/test/api.test.ts:372:7
    at [90mfile:///E:/code/ShotSpot/frontend/[39mnode_modules/[4m@vitest[24m/runner/dist/index.js:753:20 {
  config: {
    transitional: {
      silentJSONParsing: [33mtrue[39m,
      forcedJSONParsing: [33mtrue[39m,
      clarifyTimeoutError: [33mfalse[39m
    },
    transformRequest: [ [36m[Function: transformRequest][39m ],
    transformResponse: [ [36m[Function: transformResponse][39m ],
    timeout: [33m0[39m,
    xsrfCookieName: [32m'XSRF-TOKEN'[39m,
    xsrfHeaderName: [32m'X-XSRF-TOKEN'[39m,
    maxContentLength: [33m-1[39m,
    maxBodyLength: [33m-1[39m,
    env: { FormData: [36m[Function [FormData]][39m, Blob: [36m[class Blob][39m },
    validateStatus: [36m[Function: validateStatus][39m,
    headers: Object [AxiosHeaders] {
      Accept: [32m'application/json, text/plain, */*'[39m,
      [32m'Content-Type'[39m: [90mundefined[39m
    },
    withCredentials: [33mtrue[39m,
    method: [32m'get'[39m,
    url: [32m'http://localhost:3001/api/auth/csrf'[39m,
    allowAbsoluteUrls: [33mtrue[39m,
    data: [90mundefined[39m
  },
  response: {
    status: [33m404[39m,
    data: [90mundefined[39m,
    headers: Object [AxiosHeaders] {},
    config: {
      transitional: [36m[Object][39m,
      transformRequest: [36m[Array][39m,
      transformResponse: [36m[Array][39m,
      timeout: [33m0[39m,
      xsrfCookieName: [32m'XSRF-TOKEN'[39m,
      xsrfHeaderName: [32m'X-XSRF-TOKEN'[39m,
      maxContentLength: [33m-1[39m,
      maxBodyLength: [33m-1[39m,
      env: [36m[Object][39m,
      validateStatus: [36m[Function: validateStatus][39m,
      headers: [36m[Object [AxiosHeaders]][39m,
      withCredentials: [33mtrue[39m,
      method: [32m'get'[39m,
      url: [32m'http://localhost:3001/api/auth/csrf'[39m,
      allowAbsoluteUrls: [33mtrue[39m,
      data: [90mundefined[39m
    },
    request: { responseURL: [32m'http://localhost:3001/api/auth/csrf'[39m }
  },
  status: [33m404[39m,
  [cause]: Error: Request failed with status code 404
      at createAxiosError [90m(E:\code\ShotSpot\frontend\[39mnode_modules\[4maxios-mock-adapter[24m\src\utils.js:161:34[90m)[39m
      at Object.settle [90m(E:\code\ShotSpot\frontend\[39mnode_modules\[4maxios-mock-adapter[24m\src\utils.js:150:11[90m)[39m
  [90m    at processTicksAndRejections (node:internal/process/task_queues:105:5)[39m
}

 [32mÔ£ô[39m src/test/api.test.ts [2m([22m[2m38 tests[22m[2m)[22m[32m 57[2mms[22m[39m
 [32mÔ£ô[39m src/test/TimerPossessionSync.test.tsx [2m([22m[2m42 tests[22m[2m)[22m[32m 21[2mms[22m[39m
[90mstdout[2m | src/test/App.test.tsx[2m > [22m[2mApp[2m > [22m[2mrenders without crashing
[22m[39mNo auth token found, WebSocket not initialized

[90mstdout[2m | src/test/App.test.tsx
[22m[39m[IndexedDB] Database initialized

 [32mÔ£ô[39m src/test/App.test.tsx [2m([22m[2m1 test[22m[2m)[22m[32m 155[2mms[22m[39m
 [32mÔ£ô[39m src/test/PlayerManagement.test.tsx [2m([22m[2m45 tests[22m[2m)[22m[33m 10668[2mms[22m[39m
     [33m[2mÔ£ô[22m[39m allows adding a new player [33m 1159[2mms[22m[39m
     [33m[2mÔ£ô[22m[39m displays error when player creation fails [33m 715[2mms[22m[39m
     [33m[2mÔ£ô[22m[39m clears form after successful player creation [33m 687[2mms[22m[39m
     [33m[2mÔ£ô[22m[39m displays success message after successful player creation [33m 702[2mms[22m[39m
     [33m[2mÔ£ô[22m[39m updates player when edit form is submitted [33m 982[2mms[22m[39m
     [33m[2mÔ£ô[22m[39m displays update success message after player update [33m 419[2mms[22m[39m
     [33m[2mÔ£ô[22m[39m validates field formats for player names [33m 689[2mms[22m[39m
     [33m[2mÔ£ô[22m[39m validates minimum name length [33m 647[2mms[22m[39m
     [33m[2mÔ£ô[22m[39m updates player active status in edit mode [33m 430[2mms[22m[39m

[31mÔÄ»ÔÄ»ÔÄ»ÔÄ»ÔÄ»ÔÄ»ÔÄ»[39m[1m[41m Failed Tests 7 [49m[22m[31mÔÄ»ÔÄ»ÔÄ»ÔÄ»ÔÄ»ÔÄ»ÔÄ»[39m

[41m[1m FAIL [22m[49m src/test/AchievementNotification.test.tsx[2m > [22mAchievementNotification Component[2m > [22mRendering[2m > [22mshould render achievement 
name and description
[31m[1mAssertionError[22m: expected '' to contain 'Sharpshooter'[39m

[32m- Expected[39m
[31m+ Received[39m

[32m- Sharpshooter[39m

[36m [2mÔØ»[22m src/test/AchievementNotification.test.tsx:[2m35:37[22m[39m
    [90m 33| [39m      const { container } = render(<AchievementNotification achievemenÔÇª
    [90m 34| [39m
    [90m 35| [39m      [34mexpect[39m(container[33m.[39mtextContent)[33m.[39m[34mtoContain[39m([32m'Sharpshooter'[39m)[33m;[39m
    [90m   | [39m                                    [31m^[39m
    [90m 36| [39m      expect(container.textContent).toContain('Score 10 goals in a sinÔÇª
    [90m 37| [39m    })[33m;[39m

[31m[2mÔÄ»ÔÄ»ÔÄ»ÔÄ»ÔÄ»ÔÄ»ÔÄ»ÔÄ»ÔÄ»ÔÄ»ÔÄ»ÔÄ»ÔÄ»ÔÄ»ÔÄ»ÔÄ»ÔÄ»ÔÄ»ÔÄ»ÔÄ»ÔÄ»ÔÄ»ÔÄ»ÔÄ»[1/7]ÔÄ»[22m[39m

[41m[1m FAIL [22m[49m src/test/AchievementNotification.test.tsx[2m > [22mAchievementNotification Component[2m > [22mRendering[2m > [22mshould display badge icon
[31m[1mAssertionError[22m: expected '' to contain '­ƒÄ»'[39m

[32m- Expected[39m
[31m+ Received[39m

[32m- ­ƒÄ»[39m

[36m [2mÔØ»[22m src/test/AchievementNotification.test.tsx:[2m42:37[22m[39m
    [90m 40| [39m      const { container } = render(<AchievementNotification achievemenÔÇª
    [90m 41| [39m
    [90m 42| [39m      [34mexpect[39m(container[33m.[39mtextContent)[33m.[39m[34mtoContain[39m([32m'­ƒÄ»'[39m)[33m;[39m
    [90m   | [39m                                    [31m^[39m
    [90m 43| [39m    })[33m;[39m
    [90m 44| [39m

[31m[2mÔÄ»ÔÄ»ÔÄ»ÔÄ»ÔÄ»ÔÄ»ÔÄ»ÔÄ»ÔÄ»ÔÄ»ÔÄ»ÔÄ»ÔÄ»ÔÄ»ÔÄ»ÔÄ»ÔÄ»ÔÄ»ÔÄ»ÔÄ»ÔÄ»ÔÄ»ÔÄ»ÔÄ»[2/7]ÔÄ»[22m[39m

[41m[1m FAIL [22m[49m src/test/AchievementNotification.test.tsx[2m > [22mAchievementNotification Component[2m > [22mRendering[2m > [22mshould display points valu
e
[31m[1mAssertionError[22m: expected '' to contain '+50 points'[39m

[32m- Expected[39m
[31m+ Received[39m

[32m- +50 points[39m

[36m [2mÔØ»[22m src/test/AchievementNotification.test.tsx:[2m48:37[22m[39m
    [90m 46| [39m      const { container } = render(<AchievementNotification achievemenÔÇª
    [90m 47| [39m
    [90m 48| [39m      [34mexpect[39m(container[33m.[39mtextContent)[33m.[39m[34mtoContain[39m([32m'+50 points'[39m)[33m;[39m
    [90m   | [39m                                    [31m^[39m
    [90m 49| [39m    })[33m;[39m
    [90m 50| [39m

[31m[2mÔÄ»ÔÄ»ÔÄ»ÔÄ»ÔÄ»ÔÄ»ÔÄ»ÔÄ»ÔÄ»ÔÄ»ÔÄ»ÔÄ»ÔÄ»ÔÄ»ÔÄ»ÔÄ»ÔÄ»ÔÄ»ÔÄ»ÔÄ»ÔÄ»ÔÄ»ÔÄ»ÔÄ»[3/7]ÔÄ»[22m[39m

[41m[1m FAIL [22m[49m src/test/AchievementNotification.test.tsx[2m > [22mAchievementNotification Component[2m > [22mRendering[2m > [22mshould display category
[31m[1mAssertionError[22m: expected '' to contain 'shooting'[39m

[32m- Expected[39m
[31m+ Received[39m

[32m- shooting[39m

[36m [2mÔØ»[22m src/test/AchievementNotification.test.tsx:[2m54:37[22m[39m
    [90m 52| [39m      const { container } = render(<AchievementNotification achievemenÔÇª
    [90m 53| [39m
    [90m 54| [39m      [34mexpect[39m(container[33m.[39mtextContent)[33m.[39m[34mtoContain[39m([32m'shooting'[39m)[33m;[39m
    [90m   | [39m                                    [31m^[39m
    [90m 55| [39m    })[33m;[39m
    [90m 56| [39m  })[33m;[39m

[31m[2mÔÄ»ÔÄ»ÔÄ»ÔÄ»ÔÄ»ÔÄ»ÔÄ»ÔÄ»ÔÄ»ÔÄ»ÔÄ»ÔÄ»ÔÄ»ÔÄ»ÔÄ»ÔÄ»ÔÄ»ÔÄ»ÔÄ»ÔÄ»ÔÄ»ÔÄ»ÔÄ»ÔÄ»[4/7]ÔÄ»[22m[39m

[41m[1m FAIL [22m[49m src/test/AchievementNotification.test.tsx[2m > [22mAchievementNotification Component[2m > [22mEdge Cases[2m > [22mshould handle achievement
 without game_id
[31m[1mAssertionError[22m: expected '' to contain 'Sharpshooter'[39m

[32m- Expected[39m
[31m+ Received[39m

[32m- Sharpshooter[39m

[36m [2mÔØ»[22m src/test/AchievementNotification.test.tsx:[2m66:37[22m[39m
    [90m 64| [39m      const { container } = render(<AchievementNotification achievemenÔÇª
    [90m 65| [39m
    [90m 66| [39m      [34mexpect[39m(container[33m.[39mtextContent)[33m.[39m[34mtoContain[39m([32m'Sharpshooter'[39m)[33m;[39m
    [90m   | [39m                                    [31m^[39m
    [90m 67| [39m    })[33m;[39m
    [90m 68| [39m

[31m[2mÔÄ»ÔÄ»ÔÄ»ÔÄ»ÔÄ»ÔÄ»ÔÄ»ÔÄ»ÔÄ»ÔÄ»ÔÄ»ÔÄ»ÔÄ»ÔÄ»ÔÄ»ÔÄ»ÔÄ»ÔÄ»ÔÄ»ÔÄ»ÔÄ»ÔÄ»ÔÄ»ÔÄ»[5/7]ÔÄ»[22m[39m

[41m[1m FAIL [22m[49m src/test/AchievementNotification.test.tsx[2m > [22mAchievementNotification Component[2m > [22mEdge Cases[2m > [22mshould handle achievement
 without earned_at
[31m[1mAssertionError[22m: expected '' to contain 'Sharpshooter'[39m

[32m- Expected[39m
[31m+ Received[39m

[32m- Sharpshooter[39m

[36m [2mÔØ»[22m src/test/AchievementNotification.test.tsx:[2m76:37[22m[39m
    [90m 74| [39m      const { container } = render(<AchievementNotification achievemenÔÇª
    [90m 75| [39m
    [90m 76| [39m      [34mexpect[39m(container[33m.[39mtextContent)[33m.[39m[34mtoContain[39m([32m'Sharpshooter'[39m)[33m;[39m
    [90m   | [39m                                    [31m^[39m
    [90m 77| [39m    })[33m;[39m
    [90m 78| [39m

[31m[2mÔÄ»ÔÄ»ÔÄ»ÔÄ»ÔÄ»ÔÄ»ÔÄ»ÔÄ»ÔÄ»ÔÄ»ÔÄ»ÔÄ»ÔÄ»ÔÄ»ÔÄ»ÔÄ»ÔÄ»ÔÄ»ÔÄ»ÔÄ»ÔÄ»ÔÄ»ÔÄ»ÔÄ»[6/7]ÔÄ»[22m[39m

[41m[1m FAIL [22m[49m src/test/AchievementNotification.test.tsx[2m > [22mAchievementNotification Component[2m > [22mEdge Cases[2m > [22mshould handle different c
ategories
[31m[1mAssertionError[22m: expected '' to contain 'shooting'[39m

[32m- Expected[39m
[31m+ Received[39m

[32m- shooting[39m

[36m [2mÔØ»[22m src/test/AchievementNotification.test.tsx:[2m88:39[22m[39m
    [90m 86| [39m        }[33m;[39m
    [90m 87| [39m        const { container } = render(<AchievementNotification achievemÔÇª
    [90m 88| [39m        [34mexpect[39m(container[33m.[39mtextContent)[33m.[39m[34mtoContain[39m(category)[33m;[39m
    [90m   | [39m                                      [31m^[39m
    [90m 89| [39m      })[33m;[39m
    [90m 90| [39m    })[33m;[39m
[90m [2mÔØ»[22m src/test/AchievementNotification.test.tsx:[2m82:18[22m[39m

[31m[2mÔÄ»ÔÄ»ÔÄ»ÔÄ»ÔÄ»ÔÄ»ÔÄ»ÔÄ»ÔÄ»ÔÄ»ÔÄ»ÔÄ»ÔÄ»ÔÄ»ÔÄ»ÔÄ»ÔÄ»ÔÄ»ÔÄ»ÔÄ»ÔÄ»ÔÄ»ÔÄ»ÔÄ»[7/7]ÔÄ»[22m[39m


[2m Test Files [22m [1m[31m1 failed[39m[22m[2m | [22m[1m[32m30 passed[39m[22m[90m (31)[39m
[2m      Tests [22m [1m[31m7 failed[39m[22m[2m | [22m[1m[32m609 passed[39m[22m[90m (616)[39m
[2m   Start at [22m 00:08:53
[2m   Duration [22m 13.24s[2m (transform 4.16s, setup 11.98s, collect 9.73s, tests 61.87s, environment 35.63s, prepare 796ms)[22m

